// Jest Snapshot v1, https://goo.gl/fbAQLP

exports[`ContentContainer Component renders 1`] = `
<div>
  <div
    class="c-dhzjXW c-dhzjXW-ijcowMO-css"
  >
    Content
  </div>
</div>
`;
